// 同步 ID: 186995d2 @ Sun Jul 19 08:30:32 UTC 2026
// 同步 ID: c6a9c466 @ Sun Jul 19 16:47:32 UTC 2026
// 重构日志: ba56d01e
// 同步 ID: 98b7da96 @ Mon Jul 20 13:40:37 UTC 2026
// 重构日志: 67257871
// 重构日志: a5e6ea4a
// 重构日志: b35d934b
// 同步 ID: bbc105ed @ Wed Jul 22 01:32:57 UTC 2026
// 同步 ID: e7d7be86 @ Thu Jul 23 01:17:02 UTC 2026
// 重构日志: 84f311a4
// 重构日志: 7020c52e
// 重构日志: 554923b1
// 同步 ID: b7cc52a2 @ Sun Jul 26 01:08:48 UTC 2026
// 同步 ID: 5faae49a @ Sun Jul 26 04:58:56 UTC 2026
// 重构日志: f08fe60a
// 重构日志: f981e2b3
// 重构日志: 41e86eee
// 同步 ID: 7e0c7f06 @ Wed Jul 29 16:15:01 UTC 2026
// 重构日志: ddf3d504
// 同步 ID: 043827f8 @ Wed Jul 29 23:20:31 UTC 2026
// 同步 ID: c4989494 @ Thu Jul 30 11:32:13 UTC 2026
// 同步 ID: eb9eb632 @ Thu Jul 30 14:04:12 UTC 2026
// 重构日志: f28a4a75
// 重构日志: ccc7d35e
// 同步 ID: 9acf401e @ Sat Aug  1 14:46:31 UTC 2026
// 重构日志: 0bfbbb32
// 重构日志: 403df29a
// 重构日志: be7420bd
// 重构日志: ff8a0363
// 同步 ID: 4ce6a003 @ Tue Aug  4 07:38:08 UTC 2026
// 重构日志: b2514369
// 重构日志: 32afb5e3
// 重构日志: 43fd40e7
// 重构日志: d7291d74
